
****************************************************************

                    VHDL In Run Summary

****************************************************************

@(#)$CDS: vhdlin.exe version 5.1.0 06/28/2009 23:42 (cicln04) $  Tue Apr 26 07:31:10 2011

*****************************************************************************
     Analysis of file /home/ecegrid/a/mg34/ece337/BENC/mapped//BENC.vhd failed
     Following errors were found
*****************************************************************************


****************************************************************

Number of file(s) processed in this round is 1

****************************************************************


*********************************************************
 VHDL source file /home/ecegrid/a/mg34/ece337/BENC/mapped//BENC.vhd failed analysis


****************************************************************

Number of file(s) which did not analyze is 1


*********************************************************
